// Jest Snapshot v1, https://goo.gl/fbAQLP

exports[`Page snapshot testing 1`] = `
Array [
  <div
    className="makeStyles-root-1"
  >
    <header
      className="MuiPaper-root MuiAppBar-root MuiAppBar-positionStatic MuiAppBar-colorPrimary MuiPaper-elevation4"
    >
      <div
        className="MuiToolbar-root MuiToolbar-regular MuiToolbar-gutters"
      >
        <button
          aria-label="menu"
          className="MuiButtonBase-root MuiIconButton-root makeStyles-menuButton-2 MuiIconButton-colorInherit MuiIconButton-edgeStart"
          disabled={false}
          onBlur={[Function]}
          onDragLeave={[Function]}
          onFocus={[Function]}
          onKeyDown={[Function]}
          onKeyUp={[Function]}
          onMouseDown={[Function]}
          onMouseLeave={[Function]}
          onMouseUp={[Function]}
          onTouchEnd={[Function]}
          onTouchMove={[Function]}
          onTouchStart={[Function]}
          tabIndex={0}
          type="button"
        >
          <span
            className="MuiIconButton-label"
          >
            <svg
              aria-hidden={true}
              className="MuiSvgIcon-root"
              focusable="false"
              viewBox="0 0 24 24"
            >
              <path
                d="M3 18h18v-2H3v2zm0-5h18v-2H3v2zm0-7v2h18V6H3z"
              />
            </svg>
          </span>
        </button>
        <h6
          className="MuiTypography-root makeStyles-title-3 MuiTypography-h6"
        >
          Todo List
        </h6>
      </div>
    </header>
  </div>,
  <div
    className="MuiContainer-root MuiContainer-maxWidthMd"
  >
    <h2>
      ToDoリスト
    </h2>
    <a
      href="/addtodo"
      onClick={[Function]}
    >
      追加
    </a>
  </div>,
  <div
    className="makeStyles-footer-4"
  >
    Footer
  </div>,
]
`;
